{"level":"info","message":"Express server running","service":"user-service","timestamp":"2025-04-28T06:21:30.352Z"}
{"level":"info","message":"Express server running","service":"user-service","timestamp":"2025-04-28T06:22:22.794Z"}
{"level":"info","message":"Express server running","service":"user-service","timestamp":"2025-04-28T06:22:57.516Z"}
{"level":"info","message":"Express server running","service":"user-service","timestamp":"2025-04-28T06:24:25.811Z"}
{"level":"info","message":"Express server running","service":"user-service","timestamp":"2025-04-28T06:25:42.864Z"}
{"level":"info","message":"Express server running","service":"user-service","timestamp":"2025-04-28T06:39:20.198Z"}
{"level":"info","message":"Express server running","service":"user-service","timestamp":"2025-04-28T06:39:49.959Z"}
{"level":"info","message":"Express server running","service":"user-service","timestamp":"2025-04-28T06:58:58.067Z"}
{"level":"info","message":"Express server running","service":"user-service","timestamp":"2025-04-28T07:04:38.182Z"}
{"level":"info","message":"Express server running","service":"user-service","timestamp":"2025-04-28T07:06:13.096Z"}
{"level":"info","message":"Express server running","service":"user-service","timestamp":"2025-04-28T07:09:50.819Z"}
{"level":"info","message":"Express server running","service":"user-service","timestamp":"2025-04-28T07:13:07.813Z"}
{"level":"info","message":"Express server running","service":"user-service","timestamp":"2025-04-28T07:13:27.782Z"}
{"level":"info","message":"Express server running","service":"user-service","timestamp":"2025-04-28T07:15:28.256Z"}
{"level":"info","message":"Express server running","service":"user-service","timestamp":"2025-04-28T07:23:09.041Z"}
{"level":"info","message":"Express server running","service":"user-service","timestamp":"2025-04-28T07:23:56.048Z"}
{"level":"info","message":"Express server running","service":"user-service","timestamp":"2025-04-28T07:24:45.151Z"}
{"level":"info","message":"Express server running","service":"user-service","timestamp":"2025-04-28T07:29:15.193Z"}
{"level":"info","message":"Express server running","service":"user-service","timestamp":"2025-04-28T07:29:36.845Z"}
{"level":"info","message":"Express server running","service":"user-service","timestamp":"2025-04-28T07:30:50.102Z"}
{"level":"info","message":"Express server running","service":"user-service","timestamp":"2025-04-28T07:33:11.416Z"}
{"level":"info","message":"Express server running","service":"user-service","timestamp":"2025-04-28T07:38:44.358Z"}
{"level":"info","message":"Express server running","service":"user-service","timestamp":"2025-04-28T07:39:05.443Z"}
{"level":"info","message":"Express server running","service":"user-service","timestamp":"2025-04-28T07:40:09.294Z"}
{"level":"info","message":"Express server running","service":"user-service","timestamp":"2025-04-28T09:20:53.156Z"}
{"level":"info","message":"Express server running","service":"user-service","timestamp":"2025-04-28T09:22:33.075Z"}
{"level":"info","message":"Express server running","service":"user-service","timestamp":"2025-04-28T09:23:11.558Z"}
{"level":"info","message":"Express server running","service":"user-service","timestamp":"2025-04-28T09:29:14.683Z"}
{"level":"info","message":"Express server running","service":"user-service","timestamp":"2025-04-28T09:29:35.336Z"}
{"level":"info","message":"Express server running","service":"user-service","timestamp":"2025-04-28T09:58:08.196Z"}
{"level":"info","message":"Express server running","service":"user-service","timestamp":"2025-04-28T10:03:00.797Z"}
{"level":"info","message":"Express server running","service":"user-service","timestamp":"2025-04-28T10:13:37.635Z"}
{"level":"info","message":"Express server running","service":"user-service","timestamp":"2025-04-28T10:14:26.907Z"}
{"level":"info","message":"Express server running","service":"user-service","timestamp":"2025-04-28T10:16:42.577Z"}
{"level":"info","message":"Express server running","service":"user-service","timestamp":"2025-04-28T10:17:04.206Z"}
{"level":"info","message":"Express server running","service":"user-service","timestamp":"2025-04-28T10:18:32.348Z"}
{"level":"info","message":"Express server running","service":"user-service","timestamp":"2025-04-28T10:19:20.116Z"}
{"level":"info","message":"Express server running","service":"user-service","timestamp":"2025-04-28T10:19:50.710Z"}
{"level":"info","message":"Express server running","service":"user-service","timestamp":"2025-04-28T10:22:13.457Z"}
{"level":"info","message":"Express server running","service":"user-service","timestamp":"2025-04-28T10:22:40.273Z"}
{"level":"info","message":"Express server running","service":"user-service","timestamp":"2025-04-28T10:23:49.621Z"}
{"level":"info","message":"Express server running","service":"user-service","timestamp":"2025-04-28T10:29:40.417Z"}
{"level":"info","message":"Express server running","service":"user-service","timestamp":"2025-04-28T10:32:17.456Z"}
{"level":"info","message":"Express server running","service":"user-service","timestamp":"2025-05-01T14:57:17.129Z"}
{"level":"info","message":"Express server running","service":"user-service","timestamp":"2025-05-01T15:18:13.039Z"}
{"level":"info","message":"Express server running","service":"user-service","timestamp":"2025-05-01T15:21:50.898Z"}
{"level":"info","message":"Express server running","service":"user-service","timestamp":"2025-05-01T15:22:18.689Z"}
{"level":"info","message":"Express server running","service":"user-service","timestamp":"2025-05-02T05:14:43.111Z"}
{"level":"info","message":"Express server running","service":"user-service","timestamp":"2025-05-02T05:14:59.541Z"}
{"level":"info","message":"Express server running","service":"user-service","timestamp":"2025-05-02T05:15:50.202Z"}
{"level":"info","message":"Express server running","service":"user-service","timestamp":"2025-05-02T05:16:39.892Z"}
{"level":"info","message":"Express server running","service":"user-service","timestamp":"2025-05-02T05:18:12.549Z"}
{"level":"info","message":"Express server running","service":"user-service","timestamp":"2025-05-02T05:21:01.796Z"}
{"level":"info","message":"Express server running","service":"user-service","timestamp":"2025-05-02T05:22:38.044Z"}
{"level":"info","message":"Express server running","service":"user-service","timestamp":"2025-05-02T05:25:38.327Z"}
{"level":"info","message":"Express server running","service":"user-service","timestamp":"2025-05-02T05:26:30.595Z"}
{"level":"info","message":"Express server running","service":"user-service","timestamp":"2025-05-02T05:27:10.677Z"}
{"level":"info","message":"Express server running","service":"user-service","timestamp":"2025-05-02T05:30:56.581Z"}
{"level":"info","message":"Express server running","service":"user-service","timestamp":"2025-05-02T05:32:07.720Z"}
{"level":"info","message":"Express server running","service":"user-service","timestamp":"2025-05-02T05:34:05.065Z"}
{"level":"info","message":"Express server running","service":"user-service","timestamp":"2025-05-02T05:34:26.070Z"}
{"level":"info","message":"Express server running","service":"user-service","timestamp":"2025-05-02T05:37:51.702Z"}
{"level":"info","message":"Express server running","service":"user-service","timestamp":"2025-05-02T05:38:29.024Z"}
{"level":"info","message":"Express server running","service":"user-service","timestamp":"2025-05-02T05:40:18.932Z"}
{"level":"info","message":"Express server running","service":"user-service","timestamp":"2025-05-02T05:41:41.179Z"}
{"level":"info","message":"Express server running","service":"user-service","timestamp":"2025-05-02T05:42:25.804Z"}
{"level":"info","message":"Express server running","service":"user-service","timestamp":"2025-05-02T05:43:22.133Z"}
{"level":"info","message":"Express server running","service":"user-service","timestamp":"2025-05-02T05:48:16.180Z"}
{"level":"info","message":"Express server running","service":"user-service","timestamp":"2025-05-02T05:52:03.220Z"}
{"level":"info","message":"Express server running","service":"user-service","timestamp":"2025-05-02T05:53:29.230Z"}
{"level":"info","message":"Express server running","service":"user-service","timestamp":"2025-05-02T05:58:23.399Z"}
{"level":"info","message":"Express server running","service":"user-service","timestamp":"2025-05-02T06:04:22.242Z"}
{"level":"info","message":"Express server running","service":"user-service","timestamp":"2025-05-02T06:04:38.764Z"}
{"level":"info","message":"Express server running","service":"user-service","timestamp":"2025-05-02T06:05:06.577Z"}
{"level":"info","message":"Express server running","service":"user-service","timestamp":"2025-05-02T06:06:09.088Z"}
{"level":"info","message":"Express server running","service":"user-service","timestamp":"2025-05-02T06:24:54.220Z"}
{"level":"info","message":"Express server running","service":"user-service","timestamp":"2025-05-02T07:03:59.953Z"}
{"level":"info","message":"Express server running","service":"user-service","timestamp":"2025-05-02T07:13:11.642Z"}
{"level":"info","message":"Express server running","service":"user-service","timestamp":"2025-05-02T07:13:51.697Z"}
{"level":"info","message":"Express server running","service":"user-service","timestamp":"2025-05-02T07:14:14.210Z"}
{"level":"info","message":"Express server running","service":"user-service","timestamp":"2025-05-02T07:15:03.983Z"}
{"level":"info","message":"Express server running","service":"user-service","timestamp":"2025-05-02T07:16:18.470Z"}
{"level":"info","message":"Express server running","service":"user-service","timestamp":"2025-05-02T07:18:12.433Z"}
{"level":"info","message":"Express server running","service":"user-service","timestamp":"2025-05-02T07:38:36.604Z"}
{"level":"info","message":"Express server running","service":"user-service","timestamp":"2025-05-02T07:40:45.877Z"}
{"level":"info","message":"Express server running","service":"user-service","timestamp":"2025-05-02T09:20:44.810Z"}
{"level":"info","message":"Express server running","service":"user-service","timestamp":"2025-05-02T09:39:11.012Z"}
{"level":"info","message":"Express server running","service":"user-service","timestamp":"2025-05-02T09:41:58.272Z"}
{"level":"info","message":"Express server running","service":"user-service","timestamp":"2025-05-02T09:42:57.533Z"}
{"level":"info","message":"Express server running","service":"user-service","timestamp":"2025-05-02T09:50:09.692Z"}
{"level":"info","message":"Express server running","service":"user-service","timestamp":"2025-05-02T09:51:35.830Z"}
{"level":"info","message":"Express server running","service":"user-service","timestamp":"2025-05-02T09:52:00.244Z"}
{"level":"info","message":"Express server running","service":"user-service","timestamp":"2025-05-02T09:53:15.586Z"}
{"level":"info","message":"Express server running","service":"user-service","timestamp":"2025-05-02T09:56:14.321Z"}
{"level":"info","message":"Express server running","service":"user-service","timestamp":"2025-05-02T10:02:53.135Z"}
{"level":"info","message":"Express server running","service":"user-service","timestamp":"2025-05-02T10:25:17.938Z"}
{"level":"info","message":"Express server running","service":"user-service","timestamp":"2025-05-02T10:27:28.387Z"}
{"level":"info","message":"Express server running","service":"user-service","timestamp":"2025-05-02T10:37:16.824Z"}
{"level":"info","message":"Express server running","service":"user-service","timestamp":"2025-05-02T10:42:59.673Z"}
{"level":"info","message":"Express server running","service":"user-service","timestamp":"2025-05-02T10:47:38.150Z"}
{"level":"info","message":"Express server running","service":"user-service","timestamp":"2025-05-02T10:49:15.654Z"}
{"level":"info","message":"Express server running","service":"user-service","timestamp":"2025-05-02T10:49:59.909Z"}
{"level":"info","message":"Express server running","service":"user-service","timestamp":"2025-05-02T10:50:56.666Z"}
{"level":"info","message":"Express server running","service":"user-service","timestamp":"2025-05-02T10:53:33.812Z"}
{"level":"info","message":"Express server running","service":"user-service","timestamp":"2025-05-02T10:53:47.724Z"}
{"level":"info","message":"Express server running","service":"user-service","timestamp":"2025-05-02T10:56:52.193Z"}
{"level":"info","message":"Express server running","service":"user-service","timestamp":"2025-05-02T10:58:45.287Z"}
{"level":"info","message":"Express server running","service":"user-service","timestamp":"2025-05-02T11:01:24.807Z"}
{"level":"info","message":"Express server running","service":"user-service","timestamp":"2025-05-02T11:06:08.640Z"}
{"level":"info","message":"Express server running","service":"user-service","timestamp":"2025-05-02T18:04:30.947Z"}
{"level":"info","message":"Express server running","service":"user-service","timestamp":"2025-05-02T18:13:09.237Z"}
{"level":"info","message":"Express server running","service":"user-service","timestamp":"2025-05-02T18:44:33.606Z"}
{"level":"info","message":"Express server running","service":"user-service","timestamp":"2025-05-02T19:57:04.742Z"}
{"level":"info","message":"Express server running","service":"user-service","timestamp":"2025-05-02T19:58:09.150Z"}
{"level":"info","message":"Express server running","service":"user-service","timestamp":"2025-05-03T05:44:02.129Z"}
{"level":"info","message":"Express server running","service":"user-service","timestamp":"2025-05-04T05:01:18.800Z"}
{"level":"info","message":"Express server running","service":"user-service","timestamp":"2025-05-04T05:08:02.306Z"}
{"level":"info","message":"Express server running","service":"user-service","timestamp":"2025-05-04T05:13:36.076Z"}
{"level":"info","message":"Express server running","service":"user-service","timestamp":"2025-05-04T05:15:53.978Z"}
{"level":"info","message":"Express server running","service":"user-service","timestamp":"2025-05-04T05:22:12.925Z"}
{"level":"info","message":"Express server running","service":"user-service","timestamp":"2025-05-04T05:27:56.730Z"}
{"level":"info","message":"Express server running","service":"user-service","timestamp":"2025-05-04T06:47:30.025Z"}
{"level":"info","message":"Express server running","service":"user-service","timestamp":"2025-05-04T06:53:00.698Z"}
{"level":"info","message":"Express server running","service":"user-service","timestamp":"2025-05-04T08:30:02.677Z"}
{"level":"info","message":"Express server running","service":"user-service","timestamp":"2025-05-04T08:51:44.568Z"}
{"level":"info","message":"Express server running","service":"user-service","timestamp":"2025-05-04T09:07:56.748Z"}
{"level":"info","message":"Express server running","service":"user-service","timestamp":"2025-05-04T09:11:41.913Z"}
{"level":"info","message":"Express server running","service":"user-service","timestamp":"2025-05-04T09:20:56.933Z"}
{"level":"info","message":"Express server running","service":"user-service","timestamp":"2025-05-04T09:22:17.768Z"}
{"level":"info","message":"Express server running","service":"user-service","timestamp":"2025-05-04T09:22:42.561Z"}
{"level":"info","message":"Express server running","service":"user-service","timestamp":"2025-05-04T09:23:10.366Z"}
{"level":"info","message":"Express server running","service":"user-service","timestamp":"2025-05-04T09:27:00.372Z"}
{"level":"info","message":"Express server running","service":"user-service","timestamp":"2025-05-04T09:32:53.027Z"}
{"level":"info","message":"Express server running","service":"user-service","timestamp":"2025-05-04T09:38:03.945Z"}
{"level":"info","message":"Express server running","service":"user-service","timestamp":"2025-05-04T09:39:15.800Z"}
{"level":"info","message":"Express server running","service":"user-service","timestamp":"2025-05-04T09:47:17.833Z"}
{"level":"info","message":"Express server running","service":"user-service","timestamp":"2025-05-04T09:58:12.422Z"}
{"level":"info","message":"Express server running","service":"user-service","timestamp":"2025-05-04T17:12:26.613Z"}
{"level":"info","message":"Express server running","service":"user-service","timestamp":"2025-05-04T17:15:30.486Z"}
{"level":"info","message":"Express server running","service":"user-service","timestamp":"2025-05-04T17:16:07.387Z"}
{"level":"info","message":"Express server running","service":"user-service","timestamp":"2025-05-04T17:24:10.702Z"}
{"level":"info","message":"Express server running","service":"user-service","timestamp":"2025-05-04T17:27:47.347Z"}
{"level":"info","message":"Express server running","service":"user-service","timestamp":"2025-05-04T17:41:18.048Z"}
{"level":"info","message":"Express server running","service":"user-service","timestamp":"2025-05-04T17:41:38.577Z"}
{"level":"info","message":"Express server running","service":"user-service","timestamp":"2025-05-04T17:43:03.283Z"}
{"level":"info","message":"Express server running","service":"user-service","timestamp":"2025-05-04T17:44:42.765Z"}
{"level":"info","message":"Express server running","service":"user-service","timestamp":"2025-05-04T17:47:38.123Z"}
{"level":"info","message":"Express server running","service":"user-service","timestamp":"2025-05-04T17:54:28.449Z"}
{"level":"info","message":"Express server running","service":"user-service","timestamp":"2025-05-04T17:56:14.426Z"}
{"level":"info","message":"Express server running","service":"user-service","timestamp":"2025-05-04T17:59:49.641Z"}
{"level":"info","message":"Express server running","service":"user-service","timestamp":"2025-05-04T18:07:26.683Z"}
{"level":"info","message":"Express server running","service":"user-service","timestamp":"2025-05-04T18:10:00.826Z"}
{"level":"info","message":"Express server running","service":"user-service","timestamp":"2025-05-04T18:10:27.015Z"}
{"level":"info","message":"Express server running","service":"user-service","timestamp":"2025-05-04T18:12:33.045Z"}
{"level":"info","message":"Express server running","service":"user-service","timestamp":"2025-05-04T18:13:07.185Z"}
{"level":"info","message":"Express server running","service":"user-service","timestamp":"2025-05-04T18:28:11.293Z"}
{"level":"info","message":"Express server running","service":"user-service","timestamp":"2025-05-04T18:32:00.408Z"}
{"level":"info","message":"Express server running","service":"user-service","timestamp":"2025-05-04T18:32:27.579Z"}
{"level":"info","message":"Express server running","service":"user-service","timestamp":"2025-05-04T18:33:03.643Z"}
{"level":"info","message":"Express server running","service":"user-service","timestamp":"2025-05-04T18:44:23.301Z"}
{"level":"info","message":"Express server running","service":"user-service","timestamp":"2025-05-04T18:45:57.408Z"}
{"level":"info","message":"Express server running","service":"user-service","timestamp":"2025-05-04T18:48:04.156Z"}
{"level":"info","message":"Express server running","service":"user-service","timestamp":"2025-05-04T18:52:02.440Z"}
{"level":"info","message":"Express server running","service":"user-service","timestamp":"2025-05-04T18:53:01.838Z"}
{"level":"info","message":"Express server running","service":"user-service","timestamp":"2025-05-04T18:54:55.527Z"}
{"level":"info","message":"Express server running","service":"user-service","timestamp":"2025-05-04T18:59:22.679Z"}
{"level":"info","message":"Express server running","service":"user-service","timestamp":"2025-05-05T05:13:04.406Z"}
{"level":"info","message":"Express server running","service":"user-service","timestamp":"2025-05-05T05:19:43.508Z"}
{"level":"info","message":"Express server running","service":"user-service","timestamp":"2025-05-05T05:24:48.494Z"}
{"level":"info","message":"Express server running","service":"user-service","timestamp":"2025-05-05T05:26:35.638Z"}
{"level":"info","message":"Express server running","service":"user-service","timestamp":"2025-05-05T05:28:24.182Z"}
{"level":"info","message":"Express server running","service":"user-service","timestamp":"2025-05-05T05:31:26.140Z"}
{"level":"info","message":"Express server running","service":"user-service","timestamp":"2025-05-05T05:36:02.464Z"}
{"level":"info","message":"Express server running","service":"user-service","timestamp":"2025-05-05T05:37:14.521Z"}
{"level":"info","message":"Express server running","service":"user-service","timestamp":"2025-05-05T05:38:11.132Z"}
{"level":"info","message":"Express server running","service":"user-service","timestamp":"2025-05-05T05:45:27.150Z"}
{"level":"info","message":"Express server running","service":"user-service","timestamp":"2025-05-05T05:47:32.817Z"}
{"level":"info","message":"Express server running","service":"user-service","timestamp":"2025-05-05T05:49:56.404Z"}
{"level":"info","message":"Express server running","service":"user-service","timestamp":"2025-05-05T05:50:50.742Z"}
{"level":"info","message":"Express server running","service":"user-service","timestamp":"2025-05-05T05:54:47.804Z"}
{"level":"info","message":"Express server running","service":"user-service","timestamp":"2025-05-05T05:55:12.208Z"}
{"level":"info","message":"Express server running","service":"user-service","timestamp":"2025-05-05T05:55:33.631Z"}
{"level":"info","message":"Express server running","service":"user-service","timestamp":"2025-05-05T05:55:53.352Z"}
{"level":"info","message":"Express server running","service":"user-service","timestamp":"2025-05-05T06:02:37.416Z"}
{"level":"info","message":"Express server running","service":"user-service","timestamp":"2025-05-05T06:04:20.515Z"}
{"level":"info","message":"Express server running","service":"user-service","timestamp":"2025-05-05T06:05:31.741Z"}
{"level":"info","message":"Express server running","service":"user-service","timestamp":"2025-05-05T06:09:15.870Z"}
{"level":"info","message":"Express server running","service":"user-service","timestamp":"2025-05-05T06:11:10.009Z"}
{"level":"info","message":"Express server running","service":"user-service","timestamp":"2025-05-05T06:13:17.659Z"}
{"level":"info","message":"Express server running","service":"user-service","timestamp":"2025-05-05T06:13:44.935Z"}
{"level":"error","message":"Error occurred while refreshing token: Cannot read properties of undefined (reading 'status')","service":"user-service","stack":"TypeError: Cannot read properties of undefined (reading 'status')\n    at refreshToken (/home/jagruti/Pictures/sfd-common-library-server/services/AuthenticationService.js:166:18)\n    at Controller.handleRequest (/home/jagruti/Pictures/sfd-common-library-server/controllers/Controller.js:108:37)\n    at refreshToken (/home/jagruti/Pictures/sfd-common-library-server/controllers/AuthenticationController.js:16:20)\n    at Layer.handle [as handle_request] (/home/jagruti/Pictures/sfd-common-library-server/node_modules/express/lib/router/layer.js:95:5)\n    at next (/home/jagruti/Pictures/sfd-common-library-server/node_modules/express/lib/router/route.js:149:13)\n    at Route.dispatch (/home/jagruti/Pictures/sfd-common-library-server/node_modules/express/lib/router/route.js:119:3)\n    at Layer.handle [as handle_request] (/home/jagruti/Pictures/sfd-common-library-server/node_modules/express/lib/router/layer.js:95:5)\n    at /home/jagruti/Pictures/sfd-common-library-server/node_modules/express/lib/router/index.js:284:15\n    at Function.process_params (/home/jagruti/Pictures/sfd-common-library-server/node_modules/express/lib/router/index.js:346:12)\n    at next (/home/jagruti/Pictures/sfd-common-library-server/node_modules/express/lib/router/index.js:280:10)","timestamp":"2025-05-05T06:13:49.899Z"}
{"level":"info","message":"Express server running","service":"user-service","timestamp":"2025-05-05T06:20:16.607Z"}
{"level":"error","message":"Error occurred while refreshing token: Cannot read properties of undefined (reading 'status')","service":"user-service","stack":"TypeError: Cannot read properties of undefined (reading 'status')\n    at refreshToken (/home/jagruti/Pictures/sfd-common-library-server/services/AuthenticationService.js:166:23)\n    at Controller.handleRequest (/home/jagruti/Pictures/sfd-common-library-server/controllers/Controller.js:108:37)\n    at refreshToken (/home/jagruti/Pictures/sfd-common-library-server/controllers/AuthenticationController.js:16:20)\n    at Layer.handle [as handle_request] (/home/jagruti/Pictures/sfd-common-library-server/node_modules/express/lib/router/layer.js:95:5)\n    at next (/home/jagruti/Pictures/sfd-common-library-server/node_modules/express/lib/router/route.js:149:13)\n    at Route.dispatch (/home/jagruti/Pictures/sfd-common-library-server/node_modules/express/lib/router/route.js:119:3)\n    at Layer.handle [as handle_request] (/home/jagruti/Pictures/sfd-common-library-server/node_modules/express/lib/router/layer.js:95:5)\n    at /home/jagruti/Pictures/sfd-common-library-server/node_modules/express/lib/router/index.js:284:15\n    at Function.process_params (/home/jagruti/Pictures/sfd-common-library-server/node_modules/express/lib/router/index.js:346:12)\n    at next (/home/jagruti/Pictures/sfd-common-library-server/node_modules/express/lib/router/index.js:280:10)","timestamp":"2025-05-05T06:20:20.808Z"}
{"level":"info","message":"Express server running","service":"user-service","timestamp":"2025-05-05T06:25:23.310Z"}
{"level":"error","message":"Error occurred while refreshing token: res is not defined","service":"user-service","stack":"ReferenceError: res is not defined\n    at refreshToken (/home/jagruti/Pictures/sfd-common-library-server/services/AuthenticationService.js:206:5)\n    at Controller.handleRequest (/home/jagruti/Pictures/sfd-common-library-server/controllers/Controller.js:116:13)\n    at refreshToken (/home/jagruti/Pictures/sfd-common-library-server/controllers/AuthenticationController.js:16:20)\n    at Layer.handle [as handle_request] (/home/jagruti/Pictures/sfd-common-library-server/node_modules/express/lib/router/layer.js:95:5)\n    at next (/home/jagruti/Pictures/sfd-common-library-server/node_modules/express/lib/router/route.js:149:13)\n    at Route.dispatch (/home/jagruti/Pictures/sfd-common-library-server/node_modules/express/lib/router/route.js:119:3)\n    at Layer.handle [as handle_request] (/home/jagruti/Pictures/sfd-common-library-server/node_modules/express/lib/router/layer.js:95:5)\n    at /home/jagruti/Pictures/sfd-common-library-server/node_modules/express/lib/router/index.js:284:15\n    at Function.process_params (/home/jagruti/Pictures/sfd-common-library-server/node_modules/express/lib/router/index.js:346:12)\n    at next (/home/jagruti/Pictures/sfd-common-library-server/node_modules/express/lib/router/index.js:280:10)","timestamp":"2025-05-05T06:30:12.502Z"}
{"level":"info","message":"Express server running","service":"user-service","timestamp":"2025-05-05T06:30:39.980Z"}
{"level":"info","message":"Express server running","service":"user-service","timestamp":"2025-05-05T06:54:21.155Z"}
{"level":"info","message":"Express server running","service":"user-service","timestamp":"2025-05-05T07:17:30.136Z"}
{"level":"info","message":"Express server running","service":"user-service","timestamp":"2025-05-05T07:19:05.852Z"}
{"level":"info","message":"Express server running","service":"user-service","timestamp":"2025-05-05T07:19:34.302Z"}
{"level":"info","message":"Express server running","service":"user-service","timestamp":"2025-05-05T07:26:47.440Z"}
{"level":"info","message":"Express server running","service":"user-service","timestamp":"2025-05-05T07:30:38.770Z"}
{"level":"info","message":"Express server running","service":"user-service","timestamp":"2025-05-05T07:43:54.111Z"}
{"level":"info","message":"Express server running","service":"user-service","timestamp":"2025-05-05T08:09:03.137Z"}
{"level":"info","message":"Express server running","service":"user-service","timestamp":"2025-05-05T08:17:02.032Z"}
{"level":"info","message":"Express server running","service":"user-service","timestamp":"2025-05-05T08:56:29.986Z"}
{"level":"info","message":"Express server running","service":"user-service","timestamp":"2025-05-05T09:12:27.848Z"}
{"level":"info","message":"Express server running","service":"user-service","timestamp":"2025-05-05T09:15:53.214Z"}
{"level":"info","message":"Express server running","service":"user-service","timestamp":"2025-05-05T09:25:56.518Z"}
{"level":"info","message":"Express server running","service":"user-service","timestamp":"2025-05-05T09:53:56.484Z"}
{"level":"info","message":"Express server running","service":"user-service","timestamp":"2025-05-05T10:06:45.951Z"}
{"level":"info","message":"Express server running","service":"user-service","timestamp":"2025-05-05T10:07:55.246Z"}
{"level":"info","message":"Express server running","service":"user-service","timestamp":"2025-05-05T10:11:52.129Z"}
{"level":"info","message":"Express server running","service":"user-service","timestamp":"2025-05-05T10:13:18.258Z"}
{"level":"info","message":"Express server running","service":"user-service","timestamp":"2025-05-05T10:25:29.008Z"}
{"level":"info","message":"Express server running","service":"user-service","timestamp":"2025-05-05T10:35:35.689Z"}
{"level":"info","message":"Express server running","service":"user-service","timestamp":"2025-05-05T10:39:23.857Z"}
{"level":"info","message":"Express server running","service":"user-service","timestamp":"2025-05-05T10:47:31.543Z"}
{"level":"info","message":"Express server running","service":"user-service","timestamp":"2025-05-05T10:51:52.176Z"}
{"level":"info","message":"Express server running","service":"user-service","timestamp":"2025-05-05T10:52:32.493Z"}
{"level":"info","message":"Express server running","service":"user-service","timestamp":"2025-05-05T11:00:30.437Z"}
{"level":"info","message":"Express server running","service":"user-service","timestamp":"2025-05-05T11:00:58.929Z"}
{"level":"info","message":"Express server running","service":"user-service","timestamp":"2025-05-05T11:01:14.033Z"}
{"level":"info","message":"Express server running","service":"user-service","timestamp":"2025-05-05T11:02:30.105Z"}
{"level":"info","message":"Express server running","service":"user-service","timestamp":"2025-05-05T11:03:31.498Z"}
{"level":"info","message":"Express server running","service":"user-service","timestamp":"2025-05-05T11:05:35.264Z"}
{"level":"info","message":"Express server running","service":"user-service","timestamp":"2025-05-05T11:05:55.538Z"}
{"level":"info","message":"Express server running","service":"user-service","timestamp":"2025-05-05T11:06:53.913Z"}
{"level":"info","message":"Express server running","service":"user-service","timestamp":"2025-05-05T11:07:52.276Z"}
{"level":"info","message":"Express server running","service":"user-service","timestamp":"2025-05-05T11:09:42.940Z"}
{"level":"info","message":"Express server running","service":"user-service","timestamp":"2025-05-05T11:12:44.757Z"}
{"level":"info","message":"Express server running","service":"user-service","timestamp":"2025-05-05T11:13:07.104Z"}
{"level":"info","message":"Express server running","service":"user-service","timestamp":"2025-05-05T11:17:16.971Z"}
{"level":"info","message":"Express server running","service":"user-service","timestamp":"2025-05-05T11:20:18.297Z"}
{"level":"info","message":"Express server running","service":"user-service","timestamp":"2025-05-05T11:23:41.227Z"}
{"level":"info","message":"Express server running","service":"user-service","timestamp":"2025-05-05T11:56:09.019Z"}
{"level":"info","message":"Express server running","service":"user-service","timestamp":"2025-05-05T11:56:13.910Z"}
{"level":"info","message":"Express server running","service":"user-service","timestamp":"2025-05-05T11:59:03.447Z"}
{"level":"info","message":"Express server running","service":"user-service","timestamp":"2025-05-05T12:05:34.812Z"}
{"level":"info","message":"Express server running","service":"user-service","timestamp":"2025-05-05T12:05:49.127Z"}
{"level":"info","message":"Express server running","service":"user-service","timestamp":"2025-05-05T12:06:58.329Z"}
{"level":"info","message":"Express server running","service":"user-service","timestamp":"2025-05-05T12:08:31.424Z"}
{"level":"info","message":"Express server running","service":"user-service","timestamp":"2025-05-05T12:10:16.241Z"}
{"level":"info","message":"Express server running","service":"user-service","timestamp":"2025-05-05T12:12:37.568Z"}
{"level":"info","message":"Express server running","service":"user-service","timestamp":"2025-05-05T12:18:15.147Z"}
{"level":"info","message":"Express server running","service":"user-service","timestamp":"2025-05-05T12:20:50.811Z"}
{"level":"info","message":"Express server running","service":"user-service","timestamp":"2025-05-05T12:21:43.805Z"}
{"level":"info","message":"Express server running","service":"user-service","timestamp":"2025-05-05T12:27:50.291Z"}
{"level":"info","message":"Express server running","service":"user-service","timestamp":"2025-05-05T12:40:32.954Z"}
{"level":"info","message":"Express server running","service":"user-service","timestamp":"2025-05-05T12:43:43.773Z"}
{"level":"info","message":"Express server running","service":"user-service","timestamp":"2025-05-05T12:44:39.001Z"}
{"level":"info","message":"Express server running","service":"user-service","timestamp":"2025-05-05T12:44:48.521Z"}
{"level":"info","message":"Express server running","service":"user-service","timestamp":"2025-05-05T12:45:14.493Z"}
{"level":"info","message":"Express server running","service":"user-service","timestamp":"2025-05-05T12:46:05.581Z"}
{"level":"info","message":"Express server running","service":"user-service","timestamp":"2025-05-05T12:47:05.662Z"}
{"level":"info","message":"Express server running","service":"user-service","timestamp":"2025-05-05T12:54:04.285Z"}
{"level":"info","message":"Express server running","service":"user-service","timestamp":"2025-05-05T13:09:15.537Z"}
{"level":"info","message":"Express server running","service":"user-service","timestamp":"2025-05-05T18:40:57.878Z"}
{"level":"info","message":"Express server running","service":"user-service","timestamp":"2025-05-05T18:44:19.911Z"}
{"level":"info","message":"Express server running","service":"user-service","timestamp":"2025-05-05T19:03:08.826Z"}
{"level":"info","message":"Express server running","service":"user-service","timestamp":"2025-05-05T19:04:49.255Z"}
{"level":"info","message":"Express server running","service":"user-service","timestamp":"2025-05-05T19:07:49.598Z"}
{"level":"info","message":"Express server running","service":"user-service","timestamp":"2025-05-05T19:10:14.281Z"}
{"level":"info","message":"Express server running","service":"user-service","timestamp":"2025-05-05T19:12:44.552Z"}
{"level":"info","message":"Express server running","service":"user-service","timestamp":"2025-05-05T19:13:58.742Z"}
{"level":"info","message":"Express server running","service":"user-service","timestamp":"2025-05-05T19:14:48.985Z"}
{"level":"info","message":"Express server running","service":"user-service","timestamp":"2025-05-05T19:21:16.167Z"}
{"level":"info","message":"Express server running","service":"user-service","timestamp":"2025-05-05T19:22:26.047Z"}
{"level":"info","message":"Express server running","service":"user-service","timestamp":"2025-05-05T19:23:26.854Z"}
{"level":"info","message":"Express server running","service":"user-service","timestamp":"2025-05-05T19:23:34.827Z"}
{"level":"info","message":"Express server running","service":"user-service","timestamp":"2025-05-05T19:25:55.006Z"}
{"level":"info","message":"Express server running","service":"user-service","timestamp":"2025-05-05T19:34:54.545Z"}
{"level":"info","message":"Express server running","service":"user-service","timestamp":"2025-05-05T19:36:19.661Z"}
{"level":"info","message":"Express server running","service":"user-service","timestamp":"2025-05-05T19:36:56.706Z"}
{"level":"info","message":"Express server running","service":"user-service","timestamp":"2025-05-05T19:39:17.241Z"}
{"level":"info","message":"Express server running","service":"user-service","timestamp":"2025-05-05T19:41:12.610Z"}
{"level":"info","message":"Express server running","service":"user-service","timestamp":"2025-05-05T19:45:39.572Z"}
{"level":"info","message":"Express server running","service":"user-service","timestamp":"2025-05-05T19:46:01.001Z"}
{"level":"info","message":"Express server running","service":"user-service","timestamp":"2025-05-05T19:46:46.394Z"}
{"level":"info","message":"Express server running","service":"user-service","timestamp":"2025-05-05T19:47:29.510Z"}
{"level":"info","message":"Express server running","service":"user-service","timestamp":"2025-05-05T19:49:41.169Z"}
{"level":"info","message":"Express server running","service":"user-service","timestamp":"2025-05-05T19:52:04.986Z"}
{"level":"info","message":"Express server running","service":"user-service","timestamp":"2025-05-05T19:52:25.616Z"}
{"level":"info","message":"Express server running","service":"user-service","timestamp":"2025-05-05T19:52:45.158Z"}
{"level":"info","message":"Express server running","service":"user-service","timestamp":"2025-05-06T03:33:44.591Z"}
{"level":"info","message":"Express server running","service":"user-service","timestamp":"2025-05-06T03:37:08.769Z"}
{"level":"info","message":"Express server running","service":"user-service","timestamp":"2025-05-06T04:27:05.392Z"}
{"level":"info","message":"Express server running","service":"user-service","timestamp":"2025-05-06T04:28:29.186Z"}
{"level":"info","message":"Express server running","service":"user-service","timestamp":"2025-05-06T04:30:14.154Z"}
{"level":"error","message":"failed to start Express Server","service":"user-service","timestamp":"2025-05-06T04:56:35.762Z"}
{"level":"error","message":"Express Server failure","service":"user-service","timestamp":"2025-05-06T04:56:35.769Z"}
{"level":"error","service":"user-service","timestamp":"2025-05-06T04:56:35.770Z"}
{"level":"info","message":"Express server running","service":"user-service","timestamp":"2025-05-06T04:56:53.779Z"}
{"level":"info","message":"Express server running","service":"user-service","timestamp":"2025-05-06T05:02:40.436Z"}
